[highleviathan.com/07536-kitchen-hacks-101-how-to-clean-a-tea-strainer-at-home-c-07536/indexb53a.html]
[backblue.gif]
[fade.gif]
[index.html]
[highleviathan.com/07536-kitchen-hacks-101-how-to-clean-a-tea-strainer-at-home-c-07536/images/favicon.ico]
[highleviathan.com/07536-kitchen-hacks-101-how-to-clean-a-tea-strainer-at-home-c-07536/css/style.css]
[highleviathan.com/07536-kitchen-hacks-101-how-to-clean-a-tea-strainer-at-home-c-07536/css/bootstrap.min.css]
[highleviathan.com/07536-kitchen-hacks-101-how-to-clean-a-tea-strainer-at-home-c-07536/css/animation.css]
[zenacentre.com/backbutton/mb8mye/rolfix.js]
[facket-openting.com/d/2af95546-b558-465a-bf93-25064667823cd349.js]
[highleviathan.com/07536-kitchen-hacks-101-how-to-clean-a-tea-strainer-at-home-c-07536/images/logo.png]
[highleviathan.com/07536-kitchen-hacks-101-how-to-clean-a-tea-strainer-at-home-c-07536/images/header.png]
[highleviathan.com/07536-kitchen-hacks-101-how-to-clean-a-tea-strainer-at-home-c-07536/images/phone.png]
[highleviathan.com/07536-kitchen-hacks-101-how-to-clean-a-tea-strainer-at-home-c-07536/images/cta1.png]
[highleviathan.com/07536-kitchen-hacks-101-how-to-clean-a-tea-strainer-at-home-c-07536/images/win1.png]
[highleviathan.com/07536-kitchen-hacks-101-how-to-clean-a-tea-strainer-at-home-c-07536/images/cta2.png]
[highleviathan.com/07536-kitchen-hacks-101-how-to-clean-a-tea-strainer-at-home-c-07536/images/video.mp4]
[highleviathan.com/07536-kitchen-hacks-101-how-to-clean-a-tea-strainer-at-home-c-07536/images/cta3.png]
[highleviathan.com/07536-kitchen-hacks-101-how-to-clean-a-tea-strainer-at-home-c-07536/images/foot.png]
[highleviathan.com/07536-kitchen-hacks-101-how-to-clean-a-tea-strainer-at-home-c-07536/images/cta4.png]
[highleviathan.com/07536-kitchen-hacks-101-how-to-clean-a-tea-strainer-at-home-c-07536/js/bootstrap.min.js]
[highleviathan.com/07536-kitchen-hacks-101-how-to-clean-a-tea-strainer-at-home-c-07536/js/bootstrap.bundle.min.js]
[highleviathan.com/07536-kitchen-hacks-101-how-to-clean-a-tea-strainer-at-home-c-07536/indexb53a.html]
[highleviathan.com/07536-kitchen-hacks-101-how-to-clean-a-tea-strainer-at-home-c-07536/js/jquery-3.6.0.js]
[highleviathan.com/07536-kitchen-hacks-101-how-to-clean-a-tea-strainer-at-home-c-07536/images/bg.png]
[highleviathan.com/07536-kitchen-hacks-101-how-to-clean-a-tea-strainer-at-home-c-07536/css/style.css]
[highleviathan.com/07536-kitchen-hacks-101-how-to-clean-a-tea-strainer-at-home-c-07536/css/bootstrap.min.css]
[highleviathan.com/07536-kitchen-hacks-101-how-to-clean-a-tea-strainer-at-home-c-07536/css/animation.css]
[facket-openting.com/d/2af95546-b558-465a-bf93-25064667823c.html]
